#-----------------------------------------------------------
# Vivado v2024.1 (64-bit)
# SW Build 5076996 on Wed May 22 18:37:14 MDT 2024
# IP Build 5075265 on Wed May 22 21:45:21 MDT 2024
# SharedData Build 5076995 on Wed May 22 18:29:18 MDT 2024
# Start of session at: Wed Dec 18 03:43:28 2024
# Process ID: 10500
# Current directory: C:/FPGA/UART
# Command line: vivado.exe -gui_launcher_event rodinguilauncherevent11580 C:\FPGA\UART\UART.xpr
# Log file: C:/FPGA/UART/vivado.log
# Journal file: C:/FPGA/UART\vivado.jou
# Running On        :DESKTOP-MPGFPTO
# Platform          :Windows Server 2016 or Windows 10
# Operating System  :19045
# Processor Detail  :AMD Ryzen 5 4600H with Radeon Graphics         
# CPU Frequency     :2994 MHz
# CPU Physical cores:6
# CPU Logical cores :12
# Host memory       :7916 MB
# Swap memory       :6710 MB
# Total Virtual     :14626 MB
# Available Virtual :6631 MB
#-----------------------------------------------------------
start_gui
open_project C:/FPGA/UART/UART.xpr
update_compile_order -fileset sources_1
